// Jest Snapshot v1, https://goo.gl/fbAQLP

exports[`<Test /> should render the heading 1`] = `
<main
  class=""
>
  <h1>
    Test - 
    0
  </h1>
</main>
`;
